// Vitest Snapshot v1, https://vitest.dev/guide/snapshot.html

exports[`ResourceVisualization Component Snapshots > should render correctly with default state 1`] = `
<div>
  <div
    class="grid grid-cols-2 gap-4"
  >
    <div
      class="p-3 bg-amber-900/20 rounded-lg border border-amber-700/30"
    >
      <div
        class="mb-2 flex items-center space-x-3"
      >
        <div
          class="rounded-lg p-1.5 bg-amber-900/20"
        >
          <svg
            class="lucide lucide-database h-4 w-4 text-amber-400"
            fill="none"
            height="24"
            stroke="currentColor"
            stroke-linecap="round"
            stroke-linejoin="round"
            stroke-width="2"
            viewBox="0 0 24 24"
            width="24"
            xmlns="http://www.w3.org/2000/svg"
          >
            <ellipse
              cx="12"
              cy="5"
              rx="9"
              ry="3"
            />
            <path
              d="M3 5V19A9 3 0 0 0 21 19V5"
            />
            <path
              d="M3 12A9 3 0 0 0 21 12"
            />
          </svg>
        </div>
        <div
          class="flex-1"
        >
          <div
            class="text-sm font-medium capitalize text-gray-300"
          >
            minerals
          </div>
          <div
            class="text-lg font-bold text-amber-400"
          >
            1,000
             / 10,000
          </div>
        </div>
      </div>
      <div
        class="h-1.5 overflow-hidden rounded-full bg-gray-800"
      >
        <div
          class="h-full bg-amber-500 transition-all duration-500"
          style="opacity: 0.7; width: 0px;"
        />
      </div>
      <div
        class="mt-2 text-xs text-yellow-400"
        style="opacity: 0; height: 0px;"
      >
        Low
         
        minerals
         levels
      </div>
    </div>
    <div
      class="p-3 bg-cyan-900/20 rounded-lg border border-cyan-700/30"
    >
      <div
        class="mb-2 flex items-center space-x-3"
      >
        <div
          class="rounded-lg p-1.5 bg-cyan-900/20"
        >
          <svg
            class="lucide lucide-zap h-4 w-4 text-cyan-400"
            fill="none"
            height="24"
            stroke="currentColor"
            stroke-linecap="round"
            stroke-linejoin="round"
            stroke-width="2"
            viewBox="0 0 24 24"
            width="24"
            xmlns="http://www.w3.org/2000/svg"
          >
            <polygon
              points="13 2 3 14 12 14 11 22 21 10 12 10 13 2"
            />
          </svg>
        </div>
        <div
          class="flex-1"
        >
          <div
            class="text-sm font-medium capitalize text-gray-300"
          >
            energy
          </div>
          <div
            class="text-lg font-bold text-cyan-400"
          >
            1,000
             / 8,000
          </div>
        </div>
      </div>
      <div
        class="h-1.5 overflow-hidden rounded-full bg-gray-800"
      >
        <div
          class="h-full bg-cyan-500 transition-all duration-500"
          style="opacity: 1; width: 0px;"
        />
      </div>
    </div>
    <div
      class="p-3 bg-green-900/20 rounded-lg border border-green-700/30"
    >
      <div
        class="mb-2 flex items-center space-x-3"
      >
        <div
          class="rounded-lg p-1.5 bg-green-900/20"
        >
          <svg
            class="lucide lucide-users h-4 w-4 text-green-400"
            fill="none"
            height="24"
            stroke="currentColor"
            stroke-linecap="round"
            stroke-linejoin="round"
            stroke-width="2"
            viewBox="0 0 24 24"
            width="24"
            xmlns="http://www.w3.org/2000/svg"
          >
            <path
              d="M16 21v-2a4 4 0 0 0-4-4H6a4 4 0 0 0-4 4v2"
            />
            <circle
              cx="9"
              cy="7"
              r="4"
            />
            <path
              d="M22 21v-2a4 4 0 0 0-3-3.87"
            />
            <path
              d="M16 3.13a4 4 0 0 1 0 7.75"
            />
          </svg>
        </div>
        <div
          class="flex-1"
        >
          <div
            class="text-sm font-medium capitalize text-gray-300"
          >
            population
          </div>
          <div
            class="text-lg font-bold text-green-400"
          >
            100
          </div>
        </div>
      </div>
      <div
        class="h-1.5 overflow-hidden rounded-full bg-gray-800"
      >
        <div
          class="h-full bg-green-500 transition-all duration-500"
          style="opacity: 1; width: 0px;"
        />
      </div>
    </div>
    <div
      class="p-3 bg-purple-900/20 rounded-lg border border-purple-700/30"
    >
      <div
        class="mb-2 flex items-center space-x-3"
      >
        <div
          class="rounded-lg p-1.5 bg-purple-900/20"
        >
          <svg
            class="lucide lucide-beaker h-4 w-4 text-purple-400"
            fill="none"
            height="24"
            stroke="currentColor"
            stroke-linecap="round"
            stroke-linejoin="round"
            stroke-width="2"
            viewBox="0 0 24 24"
            width="24"
            xmlns="http://www.w3.org/2000/svg"
          >
            <path
              d="M4.5 3h15"
            />
            <path
              d="M6 3v16a2 2 0 0 0 2 2h8a2 2 0 0 0 2-2V3"
            />
            <path
              d="M6 14h12"
            />
          </svg>
        </div>
        <div
          class="flex-1"
        >
          <div
            class="text-sm font-medium capitalize text-gray-300"
          >
            research
          </div>
          <div
            class="text-lg font-bold text-purple-400"
          >
            0
          </div>
        </div>
      </div>
      <div
        class="h-1.5 overflow-hidden rounded-full bg-gray-800"
      >
        <div
          class="h-full bg-purple-500 transition-all duration-500"
          style="opacity: 1; width: 0px;"
        />
      </div>
    </div>
  </div>
</div>
`;

exports[`ResourceVisualization Component Snapshots > should render with critical resource levels 1`] = `
<div>
  <div
    class="grid grid-cols-2 gap-4"
  >
    <div
      class="p-3 bg-amber-900/20 rounded-lg border border-amber-700/30"
    >
      <div
        class="mb-2 flex items-center space-x-3"
      >
        <div
          class="rounded-lg p-1.5 bg-amber-900/20"
        >
          <svg
            class="lucide lucide-database h-4 w-4 text-amber-400"
            fill="none"
            height="24"
            stroke="currentColor"
            stroke-linecap="round"
            stroke-linejoin="round"
            stroke-width="2"
            viewBox="0 0 24 24"
            width="24"
            xmlns="http://www.w3.org/2000/svg"
          >
            <ellipse
              cx="12"
              cy="5"
              rx="9"
              ry="3"
            />
            <path
              d="M3 5V19A9 3 0 0 0 21 19V5"
            />
            <path
              d="M3 12A9 3 0 0 0 21 12"
            />
          </svg>
        </div>
        <div
          class="flex-1"
        >
          <div
            class="text-sm font-medium capitalize text-gray-300"
          >
            minerals
          </div>
          <div
            class="text-lg font-bold text-amber-400"
          >
            1,000
             / 10,000
          </div>
        </div>
      </div>
      <div
        class="h-1.5 overflow-hidden rounded-full bg-gray-800"
      >
        <div
          class="h-full bg-amber-500 transition-all duration-500"
          style="opacity: 0.7; width: 0px;"
        />
      </div>
      <div
        class="mt-2 text-xs text-yellow-400"
        style="opacity: 0; height: 0px;"
      >
        Low
         
        minerals
         levels
      </div>
    </div>
    <div
      class="p-3 bg-cyan-900/20 rounded-lg border border-cyan-700/30"
    >
      <div
        class="mb-2 flex items-center space-x-3"
      >
        <div
          class="rounded-lg p-1.5 bg-cyan-900/20"
        >
          <svg
            class="lucide lucide-zap h-4 w-4 text-cyan-400"
            fill="none"
            height="24"
            stroke="currentColor"
            stroke-linecap="round"
            stroke-linejoin="round"
            stroke-width="2"
            viewBox="0 0 24 24"
            width="24"
            xmlns="http://www.w3.org/2000/svg"
          >
            <polygon
              points="13 2 3 14 12 14 11 22 21 10 12 10 13 2"
            />
          </svg>
        </div>
        <div
          class="flex-1"
        >
          <div
            class="text-sm font-medium capitalize text-gray-300"
          >
            energy
          </div>
          <div
            class="text-lg font-bold text-cyan-400"
          >
            1,000
             / 8,000
          </div>
        </div>
      </div>
      <div
        class="h-1.5 overflow-hidden rounded-full bg-gray-800"
      >
        <div
          class="h-full bg-cyan-500 transition-all duration-500"
          style="opacity: 1; width: 0px;"
        />
      </div>
    </div>
    <div
      class="p-3 bg-green-900/20 rounded-lg border border-green-700/30"
    >
      <div
        class="mb-2 flex items-center space-x-3"
      >
        <div
          class="rounded-lg p-1.5 bg-green-900/20"
        >
          <svg
            class="lucide lucide-users h-4 w-4 text-green-400"
            fill="none"
            height="24"
            stroke="currentColor"
            stroke-linecap="round"
            stroke-linejoin="round"
            stroke-width="2"
            viewBox="0 0 24 24"
            width="24"
            xmlns="http://www.w3.org/2000/svg"
          >
            <path
              d="M16 21v-2a4 4 0 0 0-4-4H6a4 4 0 0 0-4 4v2"
            />
            <circle
              cx="9"
              cy="7"
              r="4"
            />
            <path
              d="M22 21v-2a4 4 0 0 0-3-3.87"
            />
            <path
              d="M16 3.13a4 4 0 0 1 0 7.75"
            />
          </svg>
        </div>
        <div
          class="flex-1"
        >
          <div
            class="text-sm font-medium capitalize text-gray-300"
          >
            population
          </div>
          <div
            class="text-lg font-bold text-green-400"
          >
            100
          </div>
        </div>
      </div>
      <div
        class="h-1.5 overflow-hidden rounded-full bg-gray-800"
      >
        <div
          class="h-full bg-green-500 transition-all duration-500"
          style="opacity: 1; width: 0px;"
        />
      </div>
    </div>
    <div
      class="p-3 bg-purple-900/20 rounded-lg border border-purple-700/30"
    >
      <div
        class="mb-2 flex items-center space-x-3"
      >
        <div
          class="rounded-lg p-1.5 bg-purple-900/20"
        >
          <svg
            class="lucide lucide-beaker h-4 w-4 text-purple-400"
            fill="none"
            height="24"
            stroke="currentColor"
            stroke-linecap="round"
            stroke-linejoin="round"
            stroke-width="2"
            viewBox="0 0 24 24"
            width="24"
            xmlns="http://www.w3.org/2000/svg"
          >
            <path
              d="M4.5 3h15"
            />
            <path
              d="M6 3v16a2 2 0 0 0 2 2h8a2 2 0 0 0 2-2V3"
            />
            <path
              d="M6 14h12"
            />
          </svg>
        </div>
        <div
          class="flex-1"
        >
          <div
            class="text-sm font-medium capitalize text-gray-300"
          >
            research
          </div>
          <div
            class="text-lg font-bold text-purple-400"
          >
            0
          </div>
        </div>
      </div>
      <div
        class="h-1.5 overflow-hidden rounded-full bg-gray-800"
      >
        <div
          class="h-full bg-purple-500 transition-all duration-500"
          style="opacity: 1; width: 0px;"
        />
      </div>
    </div>
  </div>
</div>
`;

exports[`ResourceVisualization Component Snapshots > should render with low resource levels 1`] = `
<div>
  <div
    class="grid grid-cols-2 gap-4"
  >
    <div
      class="p-3 bg-amber-900/20 rounded-lg border border-amber-700/30"
    >
      <div
        class="mb-2 flex items-center space-x-3"
      >
        <div
          class="rounded-lg p-1.5 bg-amber-900/20"
        >
          <svg
            class="lucide lucide-database h-4 w-4 text-amber-400"
            fill="none"
            height="24"
            stroke="currentColor"
            stroke-linecap="round"
            stroke-linejoin="round"
            stroke-width="2"
            viewBox="0 0 24 24"
            width="24"
            xmlns="http://www.w3.org/2000/svg"
          >
            <ellipse
              cx="12"
              cy="5"
              rx="9"
              ry="3"
            />
            <path
              d="M3 5V19A9 3 0 0 0 21 19V5"
            />
            <path
              d="M3 12A9 3 0 0 0 21 12"
            />
          </svg>
        </div>
        <div
          class="flex-1"
        >
          <div
            class="text-sm font-medium capitalize text-gray-300"
          >
            minerals
          </div>
          <div
            class="text-lg font-bold text-amber-400"
          >
            1,000
             / 10,000
          </div>
        </div>
      </div>
      <div
        class="h-1.5 overflow-hidden rounded-full bg-gray-800"
      >
        <div
          class="h-full bg-amber-500 transition-all duration-500"
          style="opacity: 0.7; width: 0px;"
        />
      </div>
      <div
        class="mt-2 text-xs text-yellow-400"
        style="opacity: 0; height: 0px;"
      >
        Low
         
        minerals
         levels
      </div>
    </div>
    <div
      class="p-3 bg-cyan-900/20 rounded-lg border border-cyan-700/30"
    >
      <div
        class="mb-2 flex items-center space-x-3"
      >
        <div
          class="rounded-lg p-1.5 bg-cyan-900/20"
        >
          <svg
            class="lucide lucide-zap h-4 w-4 text-cyan-400"
            fill="none"
            height="24"
            stroke="currentColor"
            stroke-linecap="round"
            stroke-linejoin="round"
            stroke-width="2"
            viewBox="0 0 24 24"
            width="24"
            xmlns="http://www.w3.org/2000/svg"
          >
            <polygon
              points="13 2 3 14 12 14 11 22 21 10 12 10 13 2"
            />
          </svg>
        </div>
        <div
          class="flex-1"
        >
          <div
            class="text-sm font-medium capitalize text-gray-300"
          >
            energy
          </div>
          <div
            class="text-lg font-bold text-cyan-400"
          >
            1,000
             / 8,000
          </div>
        </div>
      </div>
      <div
        class="h-1.5 overflow-hidden rounded-full bg-gray-800"
      >
        <div
          class="h-full bg-cyan-500 transition-all duration-500"
          style="opacity: 1; width: 0px;"
        />
      </div>
    </div>
    <div
      class="p-3 bg-green-900/20 rounded-lg border border-green-700/30"
    >
      <div
        class="mb-2 flex items-center space-x-3"
      >
        <div
          class="rounded-lg p-1.5 bg-green-900/20"
        >
          <svg
            class="lucide lucide-users h-4 w-4 text-green-400"
            fill="none"
            height="24"
            stroke="currentColor"
            stroke-linecap="round"
            stroke-linejoin="round"
            stroke-width="2"
            viewBox="0 0 24 24"
            width="24"
            xmlns="http://www.w3.org/2000/svg"
          >
            <path
              d="M16 21v-2a4 4 0 0 0-4-4H6a4 4 0 0 0-4 4v2"
            />
            <circle
              cx="9"
              cy="7"
              r="4"
            />
            <path
              d="M22 21v-2a4 4 0 0 0-3-3.87"
            />
            <path
              d="M16 3.13a4 4 0 0 1 0 7.75"
            />
          </svg>
        </div>
        <div
          class="flex-1"
        >
          <div
            class="text-sm font-medium capitalize text-gray-300"
          >
            population
          </div>
          <div
            class="text-lg font-bold text-green-400"
          >
            100
          </div>
        </div>
      </div>
      <div
        class="h-1.5 overflow-hidden rounded-full bg-gray-800"
      >
        <div
          class="h-full bg-green-500 transition-all duration-500"
          style="opacity: 1; width: 0px;"
        />
      </div>
    </div>
    <div
      class="p-3 bg-purple-900/20 rounded-lg border border-purple-700/30"
    >
      <div
        class="mb-2 flex items-center space-x-3"
      >
        <div
          class="rounded-lg p-1.5 bg-purple-900/20"
        >
          <svg
            class="lucide lucide-beaker h-4 w-4 text-purple-400"
            fill="none"
            height="24"
            stroke="currentColor"
            stroke-linecap="round"
            stroke-linejoin="round"
            stroke-width="2"
            viewBox="0 0 24 24"
            width="24"
            xmlns="http://www.w3.org/2000/svg"
          >
            <path
              d="M4.5 3h15"
            />
            <path
              d="M6 3v16a2 2 0 0 0 2 2h8a2 2 0 0 0 2-2V3"
            />
            <path
              d="M6 14h12"
            />
          </svg>
        </div>
        <div
          class="flex-1"
        >
          <div
            class="text-sm font-medium capitalize text-gray-300"
          >
            research
          </div>
          <div
            class="text-lg font-bold text-purple-400"
          >
            0
          </div>
        </div>
      </div>
      <div
        class="h-1.5 overflow-hidden rounded-full bg-gray-800"
      >
        <div
          class="h-full bg-purple-500 transition-all duration-500"
          style="opacity: 1; width: 0px;"
        />
      </div>
    </div>
  </div>
</div>
`;
